// Jest Snapshot v1, https://goo.gl/fbAQLP

exports[`App render App 1`] = `
<div>
  <header
    class="app-header"
  >
    <h2>
      Country Search App
    </h2>
  </header>
  <div
    class="search"
  >
    <label>
      Country search:
      <input
        class="search-input"
        placeholder="Search for a country..."
        type="text"
        value=""
      />
    </label>
    <button
      class="button"
    >
      Find
    </button>
  </div>
  <div
    class="dropdownList-hide"
  />
  <section
    class="search-display-hide"
  />
  <div>
    <span
      class="error-msg"
    >
       
       
    </span>
  </div>
  <div
    class="pagination-hide"
  />
</div>
`;
