// Jest Snapshot v1, https://goo.gl/fbAQLP

exports[`App render App 1`] = `
<div>
  <header
    class="app-header"
  >
    <h2>
      Country Search App
    </h2>
  </header>
  <div
    class="search"
  >
    <label>
      Country search:
      <input
        class="search-input"
        placeholder="Search for a country..."
        type="text"
        value=""
      />
    </label>
    <button
      class="button"
    >
      Find
    </button>
  </div>
  <div
    class="dropdownList-hide"
  >
    <select
      class="select-dropdown"
    >
      <option
        value="5"
      >
        5
      </option>
      <option
        value="10"
      >
        10
      </option>
      <option
        value="15"
      >
        15
      </option>
      <option
        value="20"
      >
        20
      </option>
    </select>
  </div>
  <section
    class="search-display"
  />
  <div>
    <span
      class="error-msg"
    >
       
       
    </span>
  </div>
  <div
    class="loading-hide"
  >
    <img
      alt="loading-logo"
      class="loading-logo"
      src="spinner.svg"
    />
  </div>
  <div
    class="pagination-hide"
  >
    <div>
      <span
        class="select-dropdown"
      >
         Page: 
        1
         
      </span>
    </div>
  </div>
</div>
`;
